Enter password: ****
Welcome to the MySQL monitor.  Commands end with ; or \g.
Your MySQL connection id is 1
Server version: 5.1.38-community MySQL Community Server (GPL)

Type 'help;' or '\h' for help. Type '\c' to clear the current input statement.

mysql> SHOW DATABASE
    -> ;
ERROR 1064 (42000): You have an error in your SQL syntax; check the manual that corresponds to your MySQL server version for the right syntax to use near 'DATAB
ASE' at line 1
mysql> SHOW DATABASE;
ERROR 1064 (42000): You have an error in your SQL syntax; check the manual that corresponds to your MySQL server version for the right syntax to use near 'DATAB
ASE' at line 1
mysql> USE omkar;
ERROR 1049 (42000): Unknown database 'omkar'
mysql> show database;
ERROR 1064 (42000): You have an error in your SQL syntax; check the manual that corresponds to your MySQL server version for the right syntax to use near 'datab
ase' at line 1
mysql> show databases;
+---------------------+
| Database            |
+---------------------+
| information_schema  |
| etour               |
| logindb             |
| mydb                |
| mysql               |
| test                |
| vehicleconfigurator |
+---------------------+
7 rows in set (0.10 sec)

mysql> use omkar;
ERROR 1049 (42000): Unknown database 'omkar'
mysql> CREATE omkar;
ERROR 1064 (42000): You have an error in your SQL syntax; check the manual that corresponds to your MySQL server version for the right syntax to use near 'omkar
' at line 1
mysql> CREATE DATABASE omkar;
Query OK, 1 row affected (0.00 sec)

mysql> SHOW DATABASES;
+---------------------+
| Database            |
+---------------------+
| information_schema  |
| etour               |
| logindb             |
| mydb                |
| mysql               |
| omkar               |
| test                |
| vehicleconfigurator |
+---------------------+
8 rows in set (0.00 sec)

mysql> USE omkar;
Database changed
mysql> CREATE TABLE om
    -> ()
    -> USE omkar;
ERROR 1064 (42000): You have an error in your SQL syntax; check the manual that corresponds to your MySQL server version for the right syntax to use near ')
USE omkar' at line 2
mysql> (
    -> empID int
    -> Emp name varchar(20)
    -> );
ERROR 1064 (42000): You have an error in your SQL syntax; check the manual that corresponds to your MySQL server version for the right syntax to use near 'empID
 int
Emp name varchar(20)
)' at line 2
mysql> Emp_name varchar(20)
    -> CREATE TABLE om
    -> (
    -> empID int
    -> Emp_name varchar(20)
    -> );
ERROR 1064 (42000): You have an error in your SQL syntax; check the manual that corresponds to your MySQL server version for the right syntax to use near 'Emp_n
ame varchar(20)
CREATE TABLE om
(
empID int
Emp_name varchar(20)
)' at line 1
mysql> CREATE TABLE om
    -> (
    -> empID int
    -> Emp_name VARCHAR(20))
    -> );
ERROR 1064 (42000): You have an error in your SQL syntax; check the manual that corresponds to your MySQL server version for the right syntax to use near 'Emp_n
ame VARCHAR(20))
)' at line 4
mysql> CREATE TABLE om
    -> (
    -> empID int.
    -> Emp_name VARCHAR(20)
    -> );
ERROR 1064 (42000): You have an error in your SQL syntax; check the manual that corresponds to your MySQL server version for the right syntax to use near '.
Emp_name VARCHAR(20)
)' at line 3
mysql> CREATE TABLE om
    -> (
    -> empID int,
    -> Emp_name VARCHAR(20)
    -> );
Query OK, 0 rows affected (0.20 sec)

mysql> INSERT INTO om VALUES(1,'bikee');
Query OK, 1 row affected (0.01 sec)

mysql> SELECT* om
    -> ;
ERROR 1064 (42000): You have an error in your SQL syntax; check the manual that corresponds to your MySQL server version for the right syntax to use near 'om' a
t line 1
mysql> SELECT* om;
ERROR 1064 (42000): You have an error in your SQL syntax; check the manual that corresponds to your MySQL server version for the right syntax to use near 'om' a
t line 1
mysql> SELECT* FROM om;
+-------+----------+
| empID | Emp_name |
+-------+----------+
|     1 | bikee    |
+-------+----------+
1 row in set (0.00 sec)

mysql> UPDATE om
    -> SET Emp_name='bike'
    -> WHERE empID=1;
Query OK, 1 row affected (0.02 sec)
Rows matched: 1  Changed: 1  Warnings: 0

mysql> SELECT* FROM om
    -> SELECT* FROM om;
ERROR 1064 (42000): You have an error in your SQL syntax; check the manual that corresponds to your MySQL server version for the right syntax to use near 'SELEC
T* FROM om' at line 2
mysql> SELECT* FROM om;
+-------+----------+
| empID | Emp_name |
+-------+----------+
|     1 | bike     |
+-------+----------+
1 row in set (0.00 sec)

mysql> create table tutorials_tbl(
    ->    tutorial_id INT NOT NULL AUTO_INCREMENT,
    ->    tutorial_title VARCHAR(100) NOT NULL,
    ->    tutorial_author VARCHAR(40) NOT NULL,
    ->    submission_date DATE,
    ->    PRIMARY KEY ( tutorial_id )
    -> );
Query OK, 0 rows affected (0.17 sec)

mysql> SELECT * FROM tutorials_tb1;
ERROR 1146 (42S02): Table 'omkar.tutorials_tb1' doesn't exist
mysql> SELECT * FROM tutorials_tbl;
Empty set (0.02 sec)

mysql> SHOW TABLES;
+-----------------+
| Tables_in_omkar |
+-----------------+
| om              |
| tutorials_tbl   |
+-----------------+
2 rows in set (0.00 sec)

mysql> DROP TABLE OM;
Query OK, 0 rows affected (0.05 sec)

mysql> INSERT INTO tutorials_tbl
    ->    ->(tutorial_title, tutorial_author, submission_date)
    ->    ->VALUES
    ->    ->("Learn PHP", "John Poul", NOW());
ERROR 1064 (42000): You have an error in your SQL syntax; check the manual that corresponds to your MySQL server version for the right syntax to use near '->(tu
torial_title, tutorial_author, submission_date)
   ->VALUES
   ->("Learn PH' at line 2
mysql> SELECT *FROM tutorials_tbl;
Empty set (0.00 sec)

mysql> SLECT * FROM om;
ERROR 1064 (42000): You have an error in your SQL syntax; check the manual that corresponds to your MySQL server version for the right syntax to use near 'SLECT
 * FROM om' at line 1
mysql> SELECT * FROM om;
ERROR 1146 (42S02): Table 'omkar.om' doesn't exist
mysql> SELECT * FROM tutorials_tbl;
Empty set (0.00 sec)

mysql> INSERT INTO tutorials_tbl
    -> (tutorial_title, tutorial_author, submission_date)
    -> VALUES
    -> ("JAVA Tutorial", "Sanjay", '2007-05-06');
Query OK, 1 row affected (0.04 sec)

mysql> SELECT* FROM tutorials_tbl;
+-------------+----------------+-----------------+-----------------+
| tutorial_id | tutorial_title | tutorial_author | submission_date |
+-------------+----------------+-----------------+-----------------+
|           1 | JAVA Tutorial  | Sanjay          | 2007-05-06      |
+-------------+----------------+-----------------+-----------------+
1 row in set (0.00 sec)

mysql> DELETE FROM tutorials_tbl
    -> where tutorial_id=1;
Query OK, 1 row affected (0.04 sec)

mysql> SELECT* FROM tutorials_tbl;
Empty set (0.00 sec)

mysql> INSERT INTO tutorials_tbl
    ->    ->(tutorial_title, tutorial_author, submission_date)
    ->    ->VALUES
    ->    ->("Learn PHP", "John Poul", NOW());
ERROR 1064 (42000): You have an error in your SQL syntax; check the manual that corresponds to your MySQL server version for the right syntax to use near '->(tu
torial_title, tutorial_author, submission_date)
   ->VALUES
   ->("Learn PH' at line 2
mysql>
